// Jest Snapshot v1, https://goo.gl/fbAQLP

exports[`CounterApp.js test suite should match <CounterApp /> snapshot 1`] = `
<Fragment>
  <h1>
    Counter App
  </h1>
  <h2>
    10
  </h2>
  <button
    onClick={[Function]}
  >
    +
  </button>
  <button
    onClick={[Function]}
  >
    -
  </button>
  <button
    onClick={[Function]}
  >
    Reset
  </button>
</Fragment>
`;
