// Jest Snapshot v1, https://goo.gl/fbAQLP

exports[`HookApp.js test suite should match snapshot 1`] = `
<h1>
  Hello World!
</h1>
`;
