// Jest Snapshot v1, https://goo.gl/fbAQLP

exports[`App.js test suite should show <App /> properly 1`] = `
<Fragment>
  <h2>
    Hi, I'm Goku
  </h2>
  <p>
    First React Component
  </p>
</Fragment>
`;
