// Jest Snapshot v1, https://goo.gl/fbAQLP

exports[`AddCategory.js test suite should match snapshot 1`] = `
<form
  onSubmit={[Function]}
>
  <input
    onChange={[Function]}
    type="text"
    value=""
  />
  <button
    type="submit"
  >
    AÃ±adir
  </button>
</form>
`;
